2026-09-04T06:30:50Z  === run start ===
ada-docket: fetching filings 2026-08-25 .. 2026-09-04
Traceback (most recent call last):
  File "/Users/avelikiy/development/Personal/Auto-Company-main/projects/ada-docket/scripts/fetch.py", line 241, in <module>
    sys.exit(main())
             ~~~~^^
  File "/Users/avelikiy/development/Personal/Auto-Company-main/projects/ada-docket/scripts/fetch.py", line 212, in main
    existing = load()
  File "/Users/avelikiy/development/Personal/Auto-Company-main/projects/ada-docket/scripts/fetch.py", line 136, in load
    seen[row["docket_id"]] = row
         ~~~^^^^^^^^^^^^^
KeyError: 'docket_id'
2026-09-04T06:30:50Z  fetch     FAILED
pulse 2026-09-04
  subscribers       0
  stars             0
  watchers          0
  forks             0
  repo_views_14d    0
  repo_uniques_14d  0
  cases             2705
  pages             44
  site_uniques      — (unmeasurable without a server)

1 readings in data/pulse.ndjson
2026-09-04T06:30:51Z  pulse     ok
built 44 pages from 2706 filings (69 courts, 9 months)
2026-09-04T06:30:52Z  build     ok
2026-09-04T06:30:53Z  commit    pushed
python3 scripts/build.py
built 44 pages from 2706 filings (69 courts, 9 months)
published to https://avelikiy.github.io/ada-docket
2026-09-04T06:30:56Z  publish   ok
2026-09-04T06:30:56Z  === run end (status 1) ===
